  Γû▓ Next.js 14.2.35

   Creating an optimized production build ...
node.exe : Failed to 
compile.
At C:\Program Files\n
odejs\npx.ps1:29 
char:3
+   & $NODE_EXE 
$NPX_CLI_JS $args
+   ~~~~~~~~~~~~~~~~~
~~~~~~~~~~~~
    + CategoryInfo   
           : NotSpe  
  cified: (Failed    
 to compile.:Stri    
ng) [], RemoteEx    
ception
    + FullyQualified 
   ErrorId : Native  
  CommandError
 

./src/app/dashboard/p
age.tsx
Error: 
  [31mx[0m You're 
importing a 
component that needs 
useEffect. It only 
works in a Client 
Component but none 
of its parents are 
marked with "use 
client", so they're 
Server Components by 
default.
  [31m|[0m Learn 
more: https://nextjs.
org/docs/getting-star
ted/react-essentials
  [31m|[0m 
  [31m|[0m 
   ,-[[36;1;4mC:\Use
rs\Kutet\Downloads\tr
anscribe\client\src\a
pp\dashboard\page.tsx
[0m:1:1]
 [2m1[0m | import 
Link from 
'next/link';
 [2m2[0m | import 
{ FileText, 
ArrowRight, Play, 
LayoutDashboard } 
from 'lucide-react';
 [2m3[0m | import 
{ useEffect, 
useState } from 
'react';
   : [31;1m         
^^^^^^^^^[0m
 [2m4[0m | 
 [2m5[0m | export 
default function 
Dashboard() {
 [2m5[0m |     
const 
[transcriptions, 
setTranscriptions] = 
useState<any[]>([]);
   `----

  [31mx[0m You're 
importing a 
component that needs 
useState. It only 
works in a Client 
Component but none 
of its parents are 
marked with "use 
client", so they're 
Server Components by 
default.
  [31m|[0m Learn 
more: https://nextjs.
org/docs/getting-star
ted/react-essentials
  [31m|[0m 
  [31m|[0m 
   ,-[[36;1;4mC:\Use
rs\Kutet\Downloads\tr
anscribe\client\src\a
pp\dashboard\page.tsx
[0m:1:1]
 [2m1[0m | import 
Link from 
'next/link';
 [2m2[0m | import 
{ FileText, 
ArrowRight, Play, 
LayoutDashboard } 
from 'lucide-react';
 [2m3[0m | import 
{ useEffect, 
useState } from 
'react';
   : [31;1m         
           
^^^^^^^^[0m
 [2m4[0m | 
 [2m5[0m | export 
default function 
Dashboard() {
 [2m5[0m |     
const 
[transcriptions, 
setTranscriptions] = 
useState<any[]>([]);
   `----

Import trace for 
requested module:
./src/app/dashboard/p
age.tsx


> Build failed 
because of webpack 
errors
